// Jest Snapshot v1, https://goo.gl/fbAQLP

exports[` 1`] = `ReactWrapper {}`;

exports[`Progress Circle should show right gapPosition 1`] = `ReactWrapper {}`;
